[2026/04/24 13:46:34] ========================================
[2026/04/24 13:46:34] NPI Dashboard 自动更新检查
[2026/04/24 13:46:34] Excel 修改时间: 2026/04/24 10:48:51
[2026/04/24 13:46:34] 首次运行，将执行构建。
[2026/04/24 13:46:34] 检测到 Excel 有更新！开始构建...
[2026/04/24 13:46:34] 正在构建 Dashboard...
[2026/04/24 13:46:34] 构建成功: 完成！双击打开 HTML 即可查看 Dashboard。
[2026/04/24 13:46:34] 正在提交并推送到 GitHub...
[2026/04/24 13:46:37] 推送成功！GitHub Pages 将自动更新。
[2026/04/24 13:46:37] 全部完成！
[2026/04/24 13:46:37] 已记录 Excel 修改时间: 2026/04/24 10:48:51
[2026/04/24 13:46:44] ========================================
[2026/04/24 13:46:44] NPI Dashboard 自动更新检查
[2026/04/24 13:46:44] Excel 修改时间: 2026/04/24 10:48:51
[2026/04/24 13:46:44] 上次构建时的 Excel 时间: 2026/04/24 10:48:51
[2026/04/24 13:46:44] Excel 未更新，无需重新构建。
[2026/04/24 18:00:00] ========================================
[2026/04/24 18:00:00] NPI Dashboard 自动更新检查
[2026/04/24 18:00:00] Excel 修改时间: 2026/04/24 16:44:26
[2026/04/24 18:00:00] 上次构建时的 Excel 时间: 2026/04/24 10:48:51
[2026/04/24 18:00:00] 检测到 Excel 有更新！开始构建...
[2026/04/24 18:00:00] 正在构建 Dashboard...
[2026/04/24 18:00:01] 构建成功: 完成！双击打开 HTML 即可查看 Dashboard。
[2026/04/24 18:00:01] 正在提交并推送到 GitHub...
[2026/04/24 18:00:04] 推送成功！GitHub Pages 将自动更新。
[2026/04/24 18:00:05] 微信通知发送成功！
[2026/04/24 18:00:05] 已记录 Excel 修改时间: 2026/04/24 16:44:26
[2026/04/25 09:00:01] ========================================
[2026/04/25 09:00:01] NPI Dashboard 自动更新检查
[2026/04/25 09:00:01] Excel 修改时间: 2026/04/24 16:44:26
[2026/04/25 09:00:01] 上次构建时的 Excel 时间: 2026/04/24 16:44:26
[2026/04/25 09:00:01] Excel 未更新，无需重新构建。
[2026/04/25 18:00:01] ========================================
[2026/04/25 18:00:01] NPI Dashboard 自动更新检查
[2026/04/25 18:00:01] Excel 修改时间: 2026/04/24 16:44:26
[2026/04/25 18:00:01] 上次构建时的 Excel 时间: 2026/04/24 16:44:26
[2026/04/25 18:00:01] Excel 未更新，无需重新构建。
[2026/04/26 09:00:01] ========================================
[2026/04/26 09:00:01] NPI Dashboard 自动更新检查
[2026/04/26 09:00:01] Excel 修改时间: 2026/04/24 16:44:26
[2026/04/26 09:00:01] 上次构建时的 Excel 时间: 2026/04/24 16:44:26
[2026/04/26 09:00:01] Excel 未更新，无需重新构建。
[2026/04/26 18:00:01] ========================================
[2026/04/26 18:00:01] NPI Dashboard 自动更新检查
[2026/04/26 18:00:01] Excel 修改时间: 2026/04/24 16:44:26
[2026/04/26 18:00:01] 上次构建时的 Excel 时间: 2026/04/24 16:44:26
[2026/04/26 18:00:01] Excel 未更新，无需重新构建。
[2026/04/27 09:00:01] ========================================
[2026/04/27 09:00:01] NPI Dashboard 自动更新检查
[2026/04/27 09:00:01] Excel 修改时间: 2026/04/27 08:26:47
[2026/04/27 09:00:01] 上次构建时的 Excel 时间: 2026/04/27 08:26:47
[2026/04/27 09:00:01] Excel 未更新，无需重新构建。
[2026/04/27 18:00:01] ========================================
[2026/04/27 18:00:01] NPI Dashboard 自动更新检查
[2026/04/27 18:00:01] Excel 修改时间: 2026/04/27 15:54:01
[2026/04/27 18:00:01] 上次构建时的 Excel 时间: 2026/04/27 08:26:47
[2026/04/27 18:00:01] 检测到 Excel 有更新！开始构建...
[2026/04/27 18:00:01] 正在构建 Dashboard...
[2026/04/27 18:00:02] 构建成功: 完成！双击打开 HTML 即可查看 Dashboard。
[2026/04/27 18:00:02] 正在提交并推送到 GitHub...
[2026/04/27 18:00:05] 推送成功！GitHub Pages 将自动更新。
[2026/04/27 18:00:06] 微信通知发送成功！
[2026/04/27 18:00:06] 已记录 Excel 修改时间: 2026/04/27 15:54:01
[2026/04/28 09:00:01] ========================================
[2026/04/28 09:00:01] NPI Dashboard 自动更新检查
[2026/04/28 09:00:01] Excel 修改时间: 2026/04/27 15:54:01
[2026/04/28 09:00:01] 上次构建时的 Excel 时间: 2026/04/27 15:54:01
[2026/04/28 09:00:01] Excel 未更新，无需重新构建。
[2026/04/28 18:00:01] ========================================
[2026/04/28 18:00:01] NPI Dashboard 自动更新检查
[2026/04/28 18:00:01] Excel 修改时间: 2026/04/28 11:15:24
[2026/04/28 18:00:01] 上次构建时的 Excel 时间: 2026/04/27 15:54:01
[2026/04/28 18:00:01] 检测到 Excel 有更新！开始构建...
[2026/04/28 18:00:01] 正在构建 Dashboard...
[2026/04/28 18:00:02] 构建成功: 完成！双击打开 HTML 即可查看 Dashboard。
[2026/04/28 18:00:02] 正在提交并推送到 GitHub...
[2026/04/28 18:00:05] 推送成功！GitHub Pages 将自动更新。
[2026/04/28 18:00:06] 微信通知发送成功！
[2026/04/28 18:00:06] 已记录 Excel 修改时间: 2026/04/28 11:15:24
[2026/04/29 09:00:01] ========================================
[2026/04/29 09:00:01] NPI Dashboard 自动更新检查
[2026/04/29 09:00:01] Excel 修改时间: 2026/04/29 08:17:34
[2026/04/29 09:00:01] 上次构建时的 Excel 时间: 2026/04/28 11:15:24
[2026/04/29 09:00:01] 检测到 Excel 有更新！开始构建...
[2026/04/29 09:00:01] 正在构建 Dashboard...
[2026/04/29 09:00:02] 构建成功: 完成！双击打开 HTML 即可查看 Dashboard。
[2026/04/29 09:00:02] 正在提交并推送到 GitHub...
[2026/04/29 09:00:05] 推送成功！GitHub Pages 将自动更新。
[2026/04/29 09:00:06] 微信通知发送成功！
[2026/04/29 09:00:06] 已记录 Excel 修改时间: 2026/04/29 08:17:34
[2026/04/29 18:00:02] ========================================
[2026/04/29 18:00:02] NPI Dashboard 自动更新检查
[2026/04/29 18:00:02] Excel 修改时间: 2026/04/29 16:31:15
[2026/04/29 18:00:02] 上次构建时的 Excel 时间: 2026/04/29 08:17:34
[2026/04/29 18:00:02] 检测到 Excel 有更新！开始构建...
[2026/04/29 18:00:02] 正在构建 Dashboard...
[2026/04/29 18:00:06] 构建成功: 完成！双击打开 HTML 即可查看 Dashboard。
[2026/04/29 18:00:06] 正在提交并推送到 GitHub...
[2026/04/29 18:00:08] 推送成功！GitHub Pages 将自动更新。
[2026/04/29 18:00:10] 微信通知发送成功！
[2026/04/29 18:00:10] 已记录 Excel 修改时间: 2026/04/29 16:31:15
[2026/04/30 09:00:02] ========================================
[2026/04/30 09:00:02] NPI Dashboard 自动更新检查
[2026/04/30 09:00:02] Excel 修改时间: 2026/04/29 16:31:15
[2026/04/30 09:00:02] 上次构建时的 Excel 时间: 2026/04/29 16:31:15
[2026/04/30 09:00:02] Excel 未更新，无需重新构建。
[2026/04/30 18:00:02] ========================================
[2026/04/30 18:00:02] NPI Dashboard 自动更新检查
[2026/04/30 18:00:02] Excel 修改时间: 2026/04/29 16:31:15
[2026/04/30 18:00:02] 上次构建时的 Excel 时间: 2026/04/29 16:31:15
[2026/04/30 18:00:02] Excel 未更新，无需重新构建。
[2026/05/01 09:00:02] ========================================
[2026/05/01 09:00:02] NPI Dashboard 自动更新检查
[2026/05/01 09:00:02] Excel 修改时间: 2026/04/29 16:31:15
[2026/05/01 09:00:02] 上次构建时的 Excel 时间: 2026/04/29 16:31:15
[2026/05/01 09:00:02] Excel 未更新，无需重新构建。
[2026/05/01 18:00:02] ========================================
[2026/05/01 18:00:02] NPI Dashboard 自动更新检查
[2026/05/01 18:00:02] Excel 修改时间: 2026/04/29 16:31:15
[2026/05/01 18:00:02] 上次构建时的 Excel 时间: 2026/04/29 16:31:15
[2026/05/01 18:00:02] Excel 未更新，无需重新构建。
[2026/05/02 09:00:02] ========================================
[2026/05/02 09:00:02] NPI Dashboard 自动更新检查
[2026/05/02 09:00:02] Excel 修改时间: 2026/04/29 16:31:15
[2026/05/02 09:00:02] 上次构建时的 Excel 时间: 2026/04/29 16:31:15
[2026/05/02 09:00:02] Excel 未更新，无需重新构建。
[2026/05/02 18:00:02] ========================================
[2026/05/02 18:00:02] NPI Dashboard 自动更新检查
[2026/05/02 18:00:02] Excel 修改时间: 2026/04/29 16:31:15
[2026/05/02 18:00:02] 上次构建时的 Excel 时间: 2026/04/29 16:31:15
[2026/05/02 18:00:02] Excel 未更新，无需重新构建。
[2026/05/03 09:00:02] ========================================
[2026/05/03 09:00:02] NPI Dashboard 自动更新检查
[2026/05/03 09:00:02] Excel 修改时间: 2026/04/29 16:31:15
[2026/05/03 09:00:02] 上次构建时的 Excel 时间: 2026/04/29 16:31:15
[2026/05/03 09:00:02] Excel 未更新，无需重新构建。
[2026/05/03 18:00:01] ========================================
[2026/05/03 18:00:01] NPI Dashboard 自动更新检查
[2026/05/03 18:00:01] Excel 修改时间: 2026/04/29 16:31:15
[2026/05/03 18:00:01] 上次构建时的 Excel 时间: 2026/04/29 16:31:15
[2026/05/03 18:00:01] Excel 未更新，无需重新构建。
[2026/05/04 09:00:02] ========================================
[2026/05/04 09:00:02] NPI Dashboard 自动更新检查
[2026/05/04 09:00:02] Excel 修改时间: 2026/04/29 16:31:15
[2026/05/04 09:00:02] 上次构建时的 Excel 时间: 2026/04/29 16:31:15
[2026/05/04 09:00:02] Excel 未更新，无需重新构建。
[2026/05/04 18:00:01] ========================================
[2026/05/04 18:00:01] NPI Dashboard 自动更新检查
[2026/05/04 18:00:01] Excel 修改时间: 2026/04/29 16:31:15
[2026/05/04 18:00:01] 上次构建时的 Excel 时间: 2026/04/29 16:31:15
[2026/05/04 18:00:01] Excel 未更新，无需重新构建。
[2026/05/05 09:00:02] ========================================
[2026/05/05 09:00:02] NPI Dashboard 自动更新检查
[2026/05/05 09:00:02] Excel 修改时间: 2026/04/29 16:31:15
[2026/05/05 09:00:02] 上次构建时的 Excel 时间: 2026/04/29 16:31:15
[2026/05/05 09:00:02] Excel 未更新，无需重新构建。
[2026/05/05 18:00:01] ========================================
[2026/05/05 18:00:01] NPI Dashboard 自动更新检查
[2026/05/05 18:00:01] Excel 修改时间: 2026/04/29 16:31:15
[2026/05/05 18:00:01] 上次构建时的 Excel 时间: 2026/04/29 16:31:15
[2026/05/05 18:00:01] Excel 未更新，无需重新构建。
[2026/05/06 09:00:01] ========================================
[2026/05/06 09:00:01] NPI Dashboard 自动更新检查
[2026/05/06 09:00:01] Excel 修改时间: 2026/05/06 08:12:28
[2026/05/06 09:00:01] 上次构建时的 Excel 时间: 2026/04/29 16:31:15
[2026/05/06 09:00:01] 检测到 Excel 有更新！开始构建...
[2026/05/06 09:00:01] 正在构建 Dashboard...
[2026/05/06 09:00:02] 构建成功: 完成！双击打开 HTML 即可查看 Dashboard。
[2026/05/06 09:00:02] 正在提交并推送到 GitHub...
[2026/05/06 09:00:05] 推送成功！GitHub Pages 将自动更新。
[2026/05/06 09:00:06] 微信通知发送成功！
[2026/05/06 09:00:06] 已记录 Excel 修改时间: 2026/05/06 08:12:28
[2026/05/06 16:05:52] ========================================
[2026/05/06 16:05:52] NPI Dashboard 自动更新检查
[2026/05/06 16:05:52] Excel 修改时间: 2026/05/06 10:04:12
[2026/05/06 16:05:52] 上次构建时的 Excel 时间: 2026/05/06 08:12:28
[2026/05/06 16:05:52] 检测到 Excel 有更新！开始构建...
[2026/05/06 16:05:52] 正在构建 Dashboard...
[2026/05/06 16:05:52] 构建成功: 完成！双击打开 HTML 即可查看 Dashboard。
[2026/05/06 16:05:52] 正在提交并推送到 GitHub...
[2026/05/06 16:05:55] 推送成功！GitHub Pages 将自动更新。
[2026/05/06 16:05:56] 微信通知发送成功！
[2026/05/06 16:05:56] 已记录 Excel 修改时间: 2026/05/06 10:04:12
[2026/05/06 16:06:14] ========================================
[2026/05/06 16:06:14] NPI Dashboard 自动更新检查
[2026/05/06 16:06:14] Excel 修改时间: 2026/05/06 10:04:12
[2026/05/06 16:06:14] 上次构建时的 Excel 时间: 2026/05/06 10:04:12
[2026/05/06 16:06:14] Excel 未更新，无需重新构建。
[2026/05/06 18:00:01] ========================================
[2026/05/06 18:00:01] NPI Dashboard 自动更新检查
[2026/05/06 18:00:01] Excel 修改时间: 2026/05/06 10:04:12
[2026/05/06 18:00:01] 上次构建时的 Excel 时间: 2026/05/06 10:04:12
[2026/05/06 18:00:01] Excel 未更新，无需重新构建。
[2026/05/07 09:00:01] ========================================
[2026/05/07 09:00:01] NPI Dashboard 自动更新检查
[2026/05/07 09:00:01] Excel 修改时间: 2026/05/07 08:50:51
[2026/05/07 09:00:01] 上次构建时的 Excel 时间: 2026/05/06 10:04:12
[2026/05/07 09:00:01] 检测到 Excel 有更新！开始构建...
[2026/05/07 09:00:01] 正在构建 Dashboard...
[2026/05/07 09:00:02] 构建成功: 完成！双击打开 HTML 即可查看 Dashboard。
[2026/05/07 09:00:02] 正在提交并推送到 GitHub...
[2026/05/07 09:00:05] 推送成功！GitHub Pages 将自动更新。
[2026/05/07 09:00:07] 微信通知发送成功！
[2026/05/07 09:00:07] 已记录 Excel 修改时间: 2026/05/07 08:50:51
[2026/05/07 18:00:01] ========================================
[2026/05/07 18:00:01] NPI Dashboard 自动更新检查
[2026/05/07 18:00:01] Excel 修改时间: 2026/05/07 13:15:59
[2026/05/07 18:00:01] 上次构建时的 Excel 时间: 2026/05/07 08:50:51
[2026/05/07 18:00:01] 检测到 Excel 有更新！开始构建...
[2026/05/07 18:00:01] 正在构建 Dashboard...
[2026/05/07 18:00:02] 构建成功: 完成！双击打开 HTML 即可查看 Dashboard。
[2026/05/07 18:00:02] 正在提交并推送到 GitHub...
[2026/05/07 18:00:06] git push 失败: To https://github.com/kabonka/npi-dashboard.git
 ! [rejected]        main -> main (fetch first)
error: failed to push some refs to 'https://github.com/kabonka/npi-dashboard.git'
hint: Updates were rejected because the remote contains work that you do not
hint: have locally. This is usually caused by another repository pushing to
hint: the same ref. If you want to integrate the remote changes, use
hint: 'git pull' before pushing again.
hint: See the 'Note about fast-forwards' in 'git push --help' for details.
[2026/05/07 18:00:06] 推送失败，Dashboard 已本地更新但未同步到 GitHub。
[2026/05/07 18:00:07] 微信通知发送成功！
[2026/05/07 18:00:07] 已记录 Excel 修改时间: 2026/05/07 13:15:59
[2026/05/08 09:00:01] ========================================
[2026/05/08 09:00:01] NPI Dashboard 自动更新检查
[2026/05/08 09:00:01] Excel 修改时间: 2026/05/08 08:16:22
[2026/05/08 09:00:01] 上次构建时的 Excel 时间: 2026/05/07 13:15:59
[2026/05/08 09:00:01] 检测到 Excel 有更新！开始构建...
[2026/05/08 09:00:01] 正在构建 Dashboard...
[2026/05/08 09:00:01] 构建成功: 完成！双击打开 HTML 即可查看 Dashboard。
[2026/05/08 09:00:01] 正在提交并推送到 GitHub...
[2026/05/08 09:00:03] git push 失败: To https://github.com/kabonka/npi-dashboard.git
 ! [rejected]        main -> main (fetch first)
error: failed to push some refs to 'https://github.com/kabonka/npi-dashboard.git'
hint: Updates were rejected because the remote contains work that you do not
hint: have locally. This is usually caused by another repository pushing to
hint: the same ref. If you want to integrate the remote changes, use
hint: 'git pull' before pushing again.
hint: See the 'Note about fast-forwards' in 'git push --help' for details.
[2026/05/08 09:00:03] 推送失败，Dashboard 已本地更新但未同步到 GitHub。
[2026/05/08 09:00:04] 微信通知发送成功！
[2026/05/08 09:00:04] 已记录 Excel 修改时间: 2026/05/08 08:16:22
[2026/05/08 18:00:01] ========================================
[2026/05/08 18:00:01] NPI Dashboard 自动更新检查
[2026/05/08 18:00:01] Excel 修改时间: 2026/05/08 11:25:16
[2026/05/08 18:00:01] 上次构建时的 Excel 时间: 2026/05/08 08:16:22
[2026/05/08 18:00:01] 检测到 Excel 有更新！开始构建...
[2026/05/08 18:00:01] 正在构建 Dashboard...
[2026/05/08 18:00:01] 构建成功: 完成！双击打开 HTML 即可查看 Dashboard。
[2026/05/08 18:00:01] 正在提交并推送到 GitHub...
[2026/05/08 18:00:03] git push 失败: fatal: unable to access 'https://github.com/kabonka/npi-dashboard.git/': Failed to connect to github.com port 443 via 127.0.0.1 after 2039 ms: Could not connect to server
[2026/05/08 18:00:03] 推送失败，Dashboard 已本地更新但未同步到 GitHub。
[2026/05/08 18:00:05] 微信通知发送成功！
[2026/05/08 18:00:05] 已记录 Excel 修改时间: 2026/05/08 11:25:16
[2026/05/09 09:00:01] ========================================
[2026/05/09 09:00:01] NPI Dashboard 自动更新检查
[2026/05/09 09:00:01] Excel 修改时间: 2026/05/09 08:05:14
[2026/05/09 09:00:01] 上次构建时的 Excel 时间: 2026/05/08 11:25:16
[2026/05/09 09:00:01] 检测到 Excel 有更新！开始构建...
[2026/05/09 09:00:01] 正在构建 Dashboard...
[2026/05/09 09:00:01] 构建成功: 完成！双击打开 HTML 即可查看 Dashboard。
[2026/05/09 09:00:01] 正在提交并推送到 GitHub...
[2026/05/09 09:00:04] 推送成功！GitHub Pages 将自动更新。
[2026/05/09 09:00:06] 微信通知发送成功！
[2026/05/09 09:00:06] 已记录 Excel 修改时间: 2026/05/09 08:05:14
